{"data":[{"source":{"ip":"10.150.0.15"},"dns":{"answers_count":13,"resolved_ip":["184.28.223.74","184.28.223.40","184.28.223.104","184.28.223.19","184.28.223.8","184.28.223.105","184.28.223.106","184.28.223.90","184.28.223.97"],"question":{"name":"tlu.dl.delivery.mp.microsoft.com","type":"A","class":"IN"},"answers":[{"name":"tlu.dl.delivery.mp.microsoft.com","type":"CNAME","class":"IN","ttl":"3554","data":"tlu-fg-shim.trafficmanager.net"},{"data":"2-01-3cf7-000d.cdx.cedexis.net","name":"tlu-fg-shim.trafficmanager.net","type":"CNAME","class":"IN","ttl":"2985"},{"ttl":"229","data":"tlu.dl.delivery.mp.microsoft.com-c.edgesuite.net","name":"2-01-3cf7-000d.cdx.cedexis.net","type":"CNAME","class":"IN"},{"ttl":"2587","data":"a1856.dspw65.akamai.net","name":"tlu.dl.delivery.mp.microsoft.com-c.edgesuite.net","type":"CNAME","class":"IN"},{"data":"184.28.223.74","name":"a1856.dspw65.akamai.net","type":"A","class":"IN","ttl":"9"},{"type":"A","class":"IN","ttl":"9","data":"184.28.223.40","name":"a1856.dspw65.akamai.net"},{"data":"184.28.223.104","name":"a1856.dspw65.akamai.net","type":"A","class":"IN","ttl":"9"},{"data":"184.28.223.19","name":"a1856.dspw65.akamai.net","type":"A","class":"IN","ttl":"9"},{"class":"IN","ttl":"9","data":"184.28.223.8","name":"a1856.dspw65.akamai.net","type":"A"},{"ttl":"9","data":"184.28.223.105","name":"a1856.dspw65.akamai.net","type":"A","class":"IN"},{"data":"184.28.223.106","name":"a1856.dspw65.akamai.net","type":"A","class":"IN","ttl":"9"},{"data":"184.28.223.90","name":"a1856.dspw65.akamai.net","type":"A","class":"IN","ttl":"9"},{"name":"a1856.dspw65.akamai.net","type":"A","class":"IN","ttl":"9","data":"184.28.223.97"}]}},{"source":{"ip":"10.150.0.15"},"dns":{"question":{"name":"fe3cr.delivery.mp.microsoft.com","type":"A","class":"IN"},"answers_count":0}},{"source":{"ip":"10.150.0.8"},"dns":{"question":{"class":"IN","name":"fe3cr.delivery.mp.microsoft.com","type":"A"},"answers_count":0}},{"source":{"ip":"10.150.0.8"},"dns":{"question":{"name":"fe3cr.delivery.mp.microsoft.com","type":"A","class":"IN"},"answers_count":0}},{"dns":{"answers":[{"data":"fe3.delivery.mp.microsoft.com","name":"fe3cr.delivery.mp.microsoft.com","type":"CNAME","class":"IN","ttl":"40"},{"class":"IN","ttl":"459","data":"fe3.delivery.dsp.mp.microsoft.com.nsatc.net","name":"fe3.delivery.mp.microsoft.com","type":"CNAME"},{"type":"A","class":"IN","ttl":"75","data":"64.4.54.18","name":"fe3.delivery.dsp.mp.microsoft.com.nsatc.net"}],"resolved_ip":["64.4.54.18"],"answers_count":3,"question":{"name":"fe3cr.delivery.mp.microsoft.com","type":"A","class":"IN"}},"source":{"ip":"10.150.0.8"}},{"source":{"ip":"10.150.0.15"},"dns":{"answers":[{"class":"IN","ttl":"40","data":"fe3.delivery.mp.microsoft.com","name":"fe3cr.delivery.mp.microsoft.com","type":"CNAME"},{"class":"IN","ttl":"459","data":"fe3.delivery.dsp.mp.microsoft.com.nsatc.net","name":"fe3.delivery.mp.microsoft.com","type":"CNAME"},{"class":"IN","ttl":"75","data":"64.4.54.18","name":"fe3.delivery.dsp.mp.microsoft.com.nsatc.net","type":"A"}],"answers_count":3,"question":{"name":"fe3cr.delivery.mp.microsoft.com","type":"A","class":"IN"},"resolved_ip":["64.4.54.18"]}},{"source":{"ip":"10.150.0.8"},"dns":{"answers_count":3,"resolved_ip":["191.232.139.2"],"question":{"name":"fe3cr.delivery.mp.microsoft.com","type":"A","class":"IN"},"answers":[{"class":"IN","ttl":"2956","data":"fe3.delivery.mp.microsoft.com","name":"fe3cr.delivery.mp.microsoft.com","type":"CNAME"},{"ttl":"3521","data":"fe3.delivery.dsp.mp.microsoft.com.nsatc.net","name":"fe3.delivery.mp.microsoft.com","type":"CNAME","class":"IN"},{"ttl":"237","data":"191.232.139.2","name":"fe3.delivery.dsp.mp.microsoft.com.nsatc.net","type":"A","class":"IN"}]}},{"source":{"ip":"10.150.0.8"},"dns":{"answers":[{"class":"IN","ttl":"181","data":"fe3.delivery.mp.microsoft.com","name":"fe3cr.delivery.mp.microsoft.com","type":"CNAME"},{"data":"fe3.delivery.dsp.mp.microsoft.com.nsatc.net","name":"fe3.delivery.mp.microsoft.com","type":"CNAME","class":"IN","ttl":"600"},{"type":"A","class":"IN","ttl":"216","data":"64.4.54.18","name":"fe3.delivery.dsp.mp.microsoft.com.nsatc.net"}],"resolved_ip":["64.4.54.18"],"answers_count":3,"question":{"name":"fe3cr.delivery.mp.microsoft.com","type":"A","class":"IN"}}},{"dns":{"answers_count":3,"answers":[{"ttl":"181","data":"fe3.delivery.mp.microsoft.com","name":"fe3cr.delivery.mp.microsoft.com","type":"CNAME","class":"IN"},{"data":"fe3.delivery.dsp.mp.microsoft.com.nsatc.net","name":"fe3.delivery.mp.microsoft.com","type":"CNAME","class":"IN","ttl":"600"},{"data":"64.4.54.18","name":"fe3.delivery.dsp.mp.microsoft.com.nsatc.net","type":"A","class":"IN","ttl":"216"}],"resolved_ip":["64.4.54.18"],"question":{"class":"IN","name":"fe3cr.delivery.mp.microsoft.com","type":"A"}},"source":{"ip":"10.150.0.8"}},{"dns":{"answers":[{"data":"global.asimov.events.data.trafficmanager.net","name":"v10.events.data.microsoft.com","type":"CNAME","class":"IN","ttl":"2134"},{"data":"skypedataprdcoleus06.cloudapp.net","name":"global.asimov.events.data.trafficmanager.net","type":"CNAME","class":"IN","ttl":"38"},{"data":"52.114.133.60","name":"skypedataprdcoleus06.cloudapp.net","type":"A","class":"IN","ttl":"6"}],"answers_count":3,"resolved_ip":["52.114.133.60"],"question":{"name":"v10.events.data.microsoft.com","type":"A","class":"IN"}},"source":{"ip":"10.150.0.8"}},{"source":{"ip":"10.150.0.15"},"dns":{"resolved_ip":["52.114.133.60"],"answers_count":3,"question":{"name":"v10.events.data.microsoft.com","type":"A","class":"IN"},"answers":[{"class":"IN","ttl":"2134","data":"global.asimov.events.data.trafficmanager.net","name":"v10.events.data.microsoft.com","type":"CNAME"},{"type":"CNAME","class":"IN","ttl":"38","data":"skypedataprdcoleus06.cloudapp.net","name":"global.asimov.events.data.trafficmanager.net"},{"type":"A","class":"IN","ttl":"6","data":"52.114.133.60","name":"skypedataprdcoleus06.cloudapp.net"}]}},{"dns":{"answers":[{"data":"tlu-fg-shim.trafficmanager.net","name":"tlu.dl.delivery.mp.microsoft.com","type":"CNAME","class":"IN","ttl":"3552"},{"ttl":"2983","data":"2-01-3cf7-000d.cdx.cedexis.net","name":"tlu-fg-shim.trafficmanager.net","type":"CNAME","class":"IN"},{"class":"IN","ttl":"227","data":"tlu.dl.delivery.mp.microsoft.com-c.edgesuite.net","name":"2-01-3cf7-000d.cdx.cedexis.net","type":"CNAME"},{"data":"a1856.dspw65.akamai.net","name":"tlu.dl.delivery.mp.microsoft.com-c.edgesuite.net","type":"CNAME","class":"IN","ttl":"2585"},{"type":"A","class":"IN","ttl":"7","data":"184.28.223.97","name":"a1856.dspw65.akamai.net"},{"ttl":"7","data":"184.28.223.74","name":"a1856.dspw65.akamai.net","type":"A","class":"IN"},{"data":"184.28.223.40","name":"a1856.dspw65.akamai.net","type":"A","class":"IN","ttl":"7"},{"ttl":"7","data":"184.28.223.104","name":"a1856.dspw65.akamai.net","type":"A","class":"IN"},{"type":"A","class":"IN","ttl":"7","data":"184.28.223.19","name":"a1856.dspw65.akamai.net"},{"ttl":"7","data":"184.28.223.8","name":"a1856.dspw65.akamai.net","type":"A","class":"IN"},{"ttl":"7","data":"184.28.223.105","name":"a1856.dspw65.akamai.net","type":"A","class":"IN"},{"class":"IN","ttl":"7","data":"184.28.223.106","name":"a1856.dspw65.akamai.net","type":"A"},{"name":"a1856.dspw65.akamai.net","type":"A","class":"IN","ttl":"7","data":"184.28.223.90"}],"question":{"name":"tlu.dl.delivery.mp.microsoft.com","type":"A","class":"IN"},"answers_count":13,"resolved_ip":["184.28.223.97","184.28.223.74","184.28.223.40","184.28.223.104","184.28.223.19","184.28.223.8","184.28.223.105","184.28.223.106","184.28.223.90"]},"source":{"ip":"10.150.0.15"}},{"source":{"ip":"10.150.0.15"},"dns":{"resolved_ip":["192.229.232.240"],"answers_count":7,"answers":[{"type":"CNAME","class":"IN","ttl":"3431","data":"au-bg-shim.trafficmanager.net","name":"au.download.windowsupdate.com"},{"name":"au-bg-shim.trafficmanager.net","type":"CNAME","class":"IN","ttl":"3513","data":"audownload.windowsupdate.nsatc.net"},{"class":"IN","ttl":"382","data":"wu.azureedge.net","name":"audownload.windowsupdate.nsatc.net","type":"CNAME"},{"class":"IN","ttl":"1146","data":"wu.ec.azureedge.net","name":"wu.azureedge.net","type":"CNAME"},{"class":"IN","ttl":"157","data":"wu.wpc.apr-52dd2.edgecastdns.net","name":"wu.ec.azureedge.net","type":"CNAME"},{"name":"wu.wpc.apr-52dd2.edgecastdns.net","type":"CNAME","class":"IN","ttl":"71","data":"cs12.wpc.v0cdn.net"},{"ttl":"3228","data":"192.229.232.240","name":"cs12.wpc.v0cdn.net","type":"A","class":"IN"}],"question":{"name":"au.download.windowsupdate.com","type":"A","class":"IN"}}},{"dns":{"answers_count":0,"question":{"name":"tlu.dl.delivery.mp.microsoft.com","type":"A","class":"IN"}},"source":{"ip":"10.150.0.15"}},{"dns":{"question":{"name":"tlu.dl.delivery.mp.microsoft.com","type":"A","class":"IN"},"answers_count":0},"source":{"ip":"10.150.0.8"}},{"dns":{"answers":[{"name":"tlu.dl.delivery.mp.microsoft.com","type":"CNAME","class":"IN","ttl":"3564","data":"tlu-fg-shim.trafficmanager.net"},{"ttl":"2995","data":"2-01-3cf7-000d.cdx.cedexis.net","name":"tlu-fg-shim.trafficmanager.net","type":"CNAME","class":"IN"},{"name":"2-01-3cf7-000d.cdx.cedexis.net","type":"CNAME","class":"IN","ttl":"239","data":"tlu.dl.delivery.mp.microsoft.com-c.edgesuite.net"},{"data":"a1856.dspw65.akamai.net","name":"tlu.dl.delivery.mp.microsoft.com-c.edgesuite.net","type":"CNAME","class":"IN","ttl":"2597"},{"type":"A","class":"IN","ttl":"19","data":"184.28.223.97","name":"a1856.dspw65.akamai.net"},{"ttl":"19","data":"184.28.223.90","name":"a1856.dspw65.akamai.net","type":"A","class":"IN"},{"data":"184.28.223.106","name":"a1856.dspw65.akamai.net","type":"A","class":"IN","ttl":"19"},{"class":"IN","ttl":"19","data":"184.28.223.105","name":"a1856.dspw65.akamai.net","type":"A"},{"name":"a1856.dspw65.akamai.net","type":"A","class":"IN","ttl":"19","data":"184.28.223.8"},{"class":"IN","ttl":"19","data":"184.28.223.19","name":"a1856.dspw65.akamai.net","type":"A"},{"class":"IN","ttl":"19","data":"184.28.223.104","name":"a1856.dspw65.akamai.net","type":"A"},{"data":"184.28.223.40","name":"a1856.dspw65.akamai.net","type":"A","class":"IN","ttl":"19"},{"name":"a1856.dspw65.akamai.net","type":"A","class":"IN","ttl":"19","data":"184.28.223.74"}],"answers_count":13,"resolved_ip":["184.28.223.97","184.28.223.90","184.28.223.106","184.28.223.105","184.28.223.8","184.28.223.19","184.28.223.104","184.28.223.40","184.28.223.74"],"question":{"name":"tlu.dl.delivery.mp.microsoft.com","type":"A","class":"IN"}},"source":{"ip":"10.150.0.8"}},{"dns":{"answers":[{"type":"CNAME","class":"IN","ttl":"3564","data":"tlu-fg-shim.trafficmanager.net","name":"tlu.dl.delivery.mp.microsoft.com"},{"type":"CNAME","class":"IN","ttl":"2995","data":"2-01-3cf7-000d.cdx.cedexis.net","name":"tlu-fg-shim.trafficmanager.net"},{"type":"CNAME","class":"IN","ttl":"239","data":"tlu.dl.delivery.mp.microsoft.com-c.edgesuite.net","name":"2-01-3cf7-000d.cdx.cedexis.net"},{"data":"a1856.dspw65.akamai.net","name":"tlu.dl.delivery.mp.microsoft.com-c.edgesuite.net","type":"CNAME","class":"IN","ttl":"2597"},{"ttl":"19","data":"184.28.223.97","name":"a1856.dspw65.akamai.net","type":"A","class":"IN"},{"name":"a1856.dspw65.akamai.net","type":"A","class":"IN","ttl":"19","data":"184.28.223.90"},{"class":"IN","ttl":"19","data":"184.28.223.106","name":"a1856.dspw65.akamai.net","type":"A"},{"class":"IN","ttl":"19","data":"184.28.223.105","name":"a1856.dspw65.akamai.net","type":"A"},{"data":"184.28.223.8","name":"a1856.dspw65.akamai.net","type":"A","class":"IN","ttl":"19"},{"type":"A","class":"IN","ttl":"19","data":"184.28.223.19","name":"a1856.dspw65.akamai.net"},{"name":"a1856.dspw65.akamai.net","type":"A","class":"IN","ttl":"19","data":"184.28.223.104"},{"data":"184.28.223.40","name":"a1856.dspw65.akamai.net","type":"A","class":"IN","ttl":"19"},{"type":"A","class":"IN","ttl":"19","data":"184.28.223.74","name":"a1856.dspw65.akamai.net"}],"resolved_ip":["184.28.223.97","184.28.223.90","184.28.223.106","184.28.223.105","184.28.223.8","184.28.223.19","184.28.223.104","184.28.223.40","184.28.223.74"],"question":{"name":"tlu.dl.delivery.mp.microsoft.com","type":"A","class":"IN"},"answers_count":13},"source":{"ip":"10.150.0.15"}},{"source":{"ip":"10.150.0.8"},"dns":{"resolved_ip":["184.28.223.97","184.28.223.90","184.28.223.106","184.28.223.105","184.28.223.8","184.28.223.19","184.28.223.104","184.28.223.40","184.28.223.74"],"question":{"type":"A","class":"IN","name":"tlu.dl.delivery.mp.microsoft.com"},"answers_count":13,"answers":[{"data":"tlu-fg-shim.trafficmanager.net","name":"tlu.dl.delivery.mp.microsoft.com","type":"CNAME","class":"IN","ttl":"3564"},{"name":"tlu-fg-shim.trafficmanager.net","type":"CNAME","class":"IN","ttl":"2995","data":"2-01-3cf7-000d.cdx.cedexis.net"},{"name":"2-01-3cf7-000d.cdx.cedexis.net","type":"CNAME","class":"IN","ttl":"239","data":"tlu.dl.delivery.mp.microsoft.com-c.edgesuite.net"},{"data":"a1856.dspw65.akamai.net","name":"tlu.dl.delivery.mp.microsoft.com-c.edgesuite.net","type":"CNAME","class":"IN","ttl":"2597"},{"class":"IN","ttl":"19","data":"184.28.223.97","name":"a1856.dspw65.akamai.net","type":"A"},{"name":"a1856.dspw65.akamai.net","type":"A","class":"IN","ttl":"19","data":"184.28.223.90"},{"name":"a1856.dspw65.akamai.net","type":"A","class":"IN","ttl":"19","data":"184.28.223.106"},{"type":"A","class":"IN","ttl":"19","data":"184.28.223.105","name":"a1856.dspw65.akamai.net"},{"ttl":"19","data":"184.28.223.8","name":"a1856.dspw65.akamai.net","type":"A","class":"IN"},{"ttl":"19","data":"184.28.223.19","name":"a1856.dspw65.akamai.net","type":"A","class":"IN"},{"name":"a1856.dspw65.akamai.net","type":"A","class":"IN","ttl":"19","data":"184.28.223.104"},{"data":"184.28.223.40","name":"a1856.dspw65.akamai.net","type":"A","class":"IN","ttl":"19"},{"data":"184.28.223.74","name":"a1856.dspw65.akamai.net","type":"A","class":"IN","ttl":"19"}]}},{"dns":{"question":{"name":"tlu.dl.delivery.mp.microsoft.com","type":"A","class":"IN"},"answers_count":13,"answers":[{"ttl":"3376","data":"tlu-fg-shim.trafficmanager.net","name":"tlu.dl.delivery.mp.microsoft.com","type":"CNAME","class":"IN"},{"type":"CNAME","class":"IN","ttl":"3599","data":"2-01-3cf7-000d.cdx.cedexis.net","name":"tlu-fg-shim.trafficmanager.net"},{"type":"CNAME","class":"IN","ttl":"239","data":"tlu.dl.delivery.mp.microsoft.com-c.edgesuite.net","name":"2-01-3cf7-000d.cdx.cedexis.net"},{"data":"a1856.dspw65.akamai.net","name":"tlu.dl.delivery.mp.microsoft.com-c.edgesuite.net","type":"CNAME","class":"IN","ttl":"21365"},{"data":"184.28.223.8","name":"a1856.dspw65.akamai.net","type":"A","class":"IN","ttl":"19"},{"data":"184.28.223.19","name":"a1856.dspw65.akamai.net","type":"A","class":"IN","ttl":"19"},{"data":"184.28.223.90","name":"a1856.dspw65.akamai.net","type":"A","class":"IN","ttl":"19"},{"class":"IN","ttl":"19","data":"184.28.223.113","name":"a1856.dspw65.akamai.net","type":"A"},{"type":"A","class":"IN","ttl":"19","data":"184.28.223.74","name":"a1856.dspw65.akamai.net"},{"ttl":"19","data":"184.28.223.40","name":"a1856.dspw65.akamai.net","type":"A","class":"IN"},{"ttl":"19","data":"184.28.223.114","name":"a1856.dspw65.akamai.net","type":"A","class":"IN"},{"class":"IN","ttl":"19","data":"184.28.223.120","name":"a1856.dspw65.akamai.net","type":"A"},{"data":"184.28.223.97","name":"a1856.dspw65.akamai.net","type":"A","class":"IN","ttl":"19"}],"resolved_ip":["184.28.223.8","184.28.223.19","184.28.223.90","184.28.223.113","184.28.223.74","184.28.223.40","184.28.223.114","184.28.223.120","184.28.223.97"]},"source":{"ip":"10.150.0.8"}},{"dns":{"question":{"name":"tsfe.trafficshaping.dsp.mp.microsoft.com","type":"A","class":"IN"},"answers":[{"data":"tsfe.trafficmanager.net","name":"tsfe.trafficshaping.dsp.mp.microsoft.com","type":"CNAME","class":"IN","ttl":"1461"},{"type":"CNAME","class":"IN","ttl":"153","data":"tsfe-prod-hk2.trafficmanager.net","name":"tsfe.trafficmanager.net"},{"type":"A","class":"IN","ttl":"78","data":"20.189.73.166","name":"tsfe-prod-hk2.trafficmanager.net"}],"resolved_ip":["20.189.73.166"],"answers_count":3},"source":{"ip":"10.150.0.8"}},{"dns":{"answers":[{"type":"CNAME","class":"IN","ttl":"1461","data":"tsfe.trafficmanager.net","name":"tsfe.trafficshaping.dsp.mp.microsoft.com"},{"data":"tsfe-prod-hk2.trafficmanager.net","name":"tsfe.trafficmanager.net","type":"CNAME","class":"IN","ttl":"153"},{"name":"tsfe-prod-hk2.trafficmanager.net","type":"A","class":"IN","ttl":"78","data":"20.189.73.166"}],"resolved_ip":["20.189.73.166"],"answers_count":3,"question":{"name":"tsfe.trafficshaping.dsp.mp.microsoft.com","type":"A","class":"IN"}},"source":{"ip":"10.150.0.15"}},{"source":{"ip":"10.150.0.8"},"dns":{"answers_count":11,"question":{"name":"2.tlu.dl.delivery.mp.microsoft.com","type":"A","class":"IN"},"resolved_ip":["23.48.201.17","23.55.47.165","23.48.201.16","23.55.47.189","23.55.47.163","23.55.47.187","23.48.201.9","23.48.201.8","23.55.47.173"],"answers":[{"name":"2.tlu.dl.delivery.mp.microsoft.com","type":"CNAME","class":"IN","ttl":"3510","data":"2.tlu.dl.delivery.mp.microsoft.com.edgesuite.net"},{"name":"2.tlu.dl.delivery.mp.microsoft.com.edgesuite.net","type":"CNAME","class":"IN","ttl":"625","data":"a122.dscg3.akamai.net"},{"data":"23.48.201.17","name":"a122.dscg3.akamai.net","type":"A","class":"IN","ttl":"19"},{"class":"IN","ttl":"19","data":"23.55.47.165","name":"a122.dscg3.akamai.net","type":"A"},{"ttl":"19","data":"23.48.201.16","name":"a122.dscg3.akamai.net","type":"A","class":"IN"},{"data":"23.55.47.189","name":"a122.dscg3.akamai.net","type":"A","class":"IN","ttl":"19"},{"ttl":"19","data":"23.55.47.163","name":"a122.dscg3.akamai.net","type":"A","class":"IN"},{"data":"23.55.47.187","name":"a122.dscg3.akamai.net","type":"A","class":"IN","ttl":"19"},{"class":"IN","ttl":"19","data":"23.48.201.9","name":"a122.dscg3.akamai.net","type":"A"},{"type":"A","class":"IN","ttl":"19","data":"23.48.201.8","name":"a122.dscg3.akamai.net"},{"name":"a122.dscg3.akamai.net","type":"A","class":"IN","ttl":"19","data":"23.55.47.173"}]}},{"dns":{"resolved_ip":["23.48.201.17","23.55.47.165","23.48.201.16","23.55.47.189","23.55.47.163","23.55.47.187","23.48.201.9","23.48.201.8","23.55.47.173"],"question":{"name":"2.tlu.dl.delivery.mp.microsoft.com","type":"A","class":"IN"},"answers_count":11,"answers":[{"type":"CNAME","class":"IN","ttl":"3510","data":"2.tlu.dl.delivery.mp.microsoft.com.edgesuite.net","name":"2.tlu.dl.delivery.mp.microsoft.com"},{"type":"CNAME","class":"IN","ttl":"625","data":"a122.dscg3.akamai.net","name":"2.tlu.dl.delivery.mp.microsoft.com.edgesuite.net"},{"data":"23.48.201.17","name":"a122.dscg3.akamai.net","type":"A","class":"IN","ttl":"19"},{"data":"23.55.47.165","name":"a122.dscg3.akamai.net","type":"A","class":"IN","ttl":"19"},{"data":"23.48.201.16","name":"a122.dscg3.akamai.net","type":"A","class":"IN","ttl":"19"},{"type":"A","class":"IN","ttl":"19","data":"23.55.47.189","name":"a122.dscg3.akamai.net"},{"class":"IN","ttl":"19","data":"23.55.47.163","name":"a122.dscg3.akamai.net","type":"A"},{"data":"23.55.47.187","name":"a122.dscg3.akamai.net","type":"A","class":"IN","ttl":"19"},{"data":"23.48.201.9","name":"a122.dscg3.akamai.net","type":"A","class":"IN","ttl":"19"},{"name":"a122.dscg3.akamai.net","type":"A","class":"IN","ttl":"19","data":"23.48.201.8"},{"class":"IN","ttl":"19","data":"23.55.47.173","name":"a122.dscg3.akamai.net","type":"A"}]},"source":{"ip":"10.150.0.15"}},{"dns":{"answers_count":6,"question":{"name":"3.tlu.dl.delivery.mp.microsoft.com","type":"A","class":"IN"},"answers":[{"type":"CNAME","class":"IN","ttl":"3565","data":"3.tlu.dl.delivery.mp.microsoft.com.c.footprint.net","name":"3.tlu.dl.delivery.mp.microsoft.com"},{"type":"A","class":"IN","ttl":"83","data":"8.255.192.254","name":"3.tlu.dl.delivery.mp.microsoft.com.c.footprint.net"},{"ttl":"83","data":"67.26.51.254","name":"3.tlu.dl.delivery.mp.microsoft.com.c.footprint.net","type":"A","class":"IN"},{"ttl":"83","data":"8.255.193.254","name":"3.tlu.dl.delivery.mp.microsoft.com.c.footprint.net","type":"A","class":"IN"},{"name":"3.tlu.dl.delivery.mp.microsoft.com.c.footprint.net","type":"A","class":"IN","ttl":"83","data":"67.26.61.254"},{"type":"A","class":"IN","ttl":"83","data":"8.255.130.126","name":"3.tlu.dl.delivery.mp.microsoft.com.c.footprint.net"}],"resolved_ip":["8.255.192.254","67.26.51.254","8.255.193.254","67.26.61.254","8.255.130.126"]},"source":{"ip":"10.150.0.8"}},{"source":{"ip":"10.150.0.15"},"dns":{"answers":[{"ttl":"3565","data":"3.tlu.dl.delivery.mp.microsoft.com.c.footprint.net","name":"3.tlu.dl.delivery.mp.microsoft.com","type":"CNAME","class":"IN"},{"data":"8.255.192.254","name":"3.tlu.dl.delivery.mp.microsoft.com.c.footprint.net","type":"A","class":"IN","ttl":"83"},{"type":"A","class":"IN","ttl":"83","data":"67.26.51.254","name":"3.tlu.dl.delivery.mp.microsoft.com.c.footprint.net"},{"data":"8.255.193.254","name":"3.tlu.dl.delivery.mp.microsoft.com.c.footprint.net","type":"A","class":"IN","ttl":"83"},{"data":"67.26.61.254","name":"3.tlu.dl.delivery.mp.microsoft.com.c.footprint.net","type":"A","class":"IN","ttl":"83"},{"name":"3.tlu.dl.delivery.mp.microsoft.com.c.footprint.net","type":"A","class":"IN","ttl":"83","data":"8.255.130.126"}],"resolved_ip":["8.255.192.254","67.26.51.254","8.255.193.254","67.26.61.254","8.255.130.126"],"answers_count":6,"question":{"name":"3.tlu.dl.delivery.mp.microsoft.com","type":"A","class":"IN"}}},{"dns":{"answers_count":6,"answers":[{"class":"IN","ttl":"3565","data":"3.tlu.dl.delivery.mp.microsoft.com.c.footprint.net","name":"3.tlu.dl.delivery.mp.microsoft.com","type":"CNAME"},{"data":"8.255.130.126","name":"3.tlu.dl.delivery.mp.microsoft.com.c.footprint.net","type":"A","class":"IN","ttl":"83"},{"data":"67.26.61.254","name":"3.tlu.dl.delivery.mp.microsoft.com.c.footprint.net","type":"A","class":"IN","ttl":"83"},{"name":"3.tlu.dl.delivery.mp.microsoft.com.c.footprint.net","type":"A","class":"IN","ttl":"83","data":"8.255.193.254"},{"name":"3.tlu.dl.delivery.mp.microsoft.com.c.footprint.net","type":"A","class":"IN","ttl":"83","data":"67.26.51.254"},{"name":"3.tlu.dl.delivery.mp.microsoft.com.c.footprint.net","type":"A","class":"IN","ttl":"83","data":"8.255.192.254"}],"question":{"name":"3.tlu.dl.delivery.mp.microsoft.com","type":"A","class":"IN"},"resolved_ip":["8.255.130.126","67.26.61.254","8.255.193.254","67.26.51.254","8.255.192.254"]},"source":{"ip":"10.150.0.15"}},{"source":{"ip":"10.150.0.8"},"dns":{"resolved_ip":["192.229.232.240"],"answers":[{"type":"CNAME","class":"IN","ttl":"919","data":"tlu-dcat.azureedge.net","name":"11.tlu.dl.delivery.mp.microsoft.com"},{"data":"tlu-dcat.ec.azureedge.net","name":"tlu-dcat.azureedge.net","type":"CNAME","class":"IN","ttl":"1281"},{"data":"wu.wpc.apr-52dd2.edgecastdns.net","name":"tlu-dcat.ec.azureedge.net","type":"CNAME","class":"IN","ttl":"97"},{"data":"cs12.wpc.v0cdn.net","name":"wu.wpc.apr-52dd2.edgecastdns.net","type":"CNAME","class":"IN","ttl":"97"},{"type":"A","class":"IN","ttl":"3254","data":"192.229.232.240","name":"cs12.wpc.v0cdn.net"}],"question":{"class":"IN","name":"11.tlu.dl.delivery.mp.microsoft.com","type":"A"},"answers_count":5}},{"dns":{"answers":[{"name":"11.tlu.dl.delivery.mp.microsoft.com","type":"CNAME","class":"IN","ttl":"919","data":"tlu-dcat.azureedge.net"},{"class":"IN","ttl":"1281","data":"tlu-dcat.ec.azureedge.net","name":"tlu-dcat.azureedge.net","type":"CNAME"},{"class":"IN","ttl":"97","data":"wu.wpc.apr-52dd2.edgecastdns.net","name":"tlu-dcat.ec.azureedge.net","type":"CNAME"},{"ttl":"97","data":"cs12.wpc.v0cdn.net","name":"wu.wpc.apr-52dd2.edgecastdns.net","type":"CNAME","class":"IN"},{"data":"192.229.232.240","name":"cs12.wpc.v0cdn.net","type":"A","class":"IN","ttl":"3254"}],"answers_count":5,"resolved_ip":["192.229.232.240"],"question":{"name":"11.tlu.dl.delivery.mp.microsoft.com","type":"A","class":"IN"}},"source":{"ip":"10.150.0.15"}},{"source":{"ip":"10.150.0.16"},"dns":{"question":{"name":"au.download.windowsupdate.com","type":"A","class":"IN"},"resolved_ip":["117.18.232.240"],"answers_count":7,"answers":[{"data":"au-bg-shim.trafficmanager.net","name":"au.download.windowsupdate.com","type":"CNAME","class":"IN","ttl":"3466"},{"class":"IN","ttl":"3548","data":"audownload.windowsupdate.nsatc.net","name":"au-bg-shim.trafficmanager.net","type":"CNAME"},{"data":"wu.azureedge.net","name":"audownload.windowsupdate.nsatc.net","type":"CNAME","class":"IN","ttl":"417"},{"type":"CNAME","class":"IN","ttl":"1181","data":"wu.ec.azureedge.net","name":"wu.azureedge.net"},{"name":"wu.ec.azureedge.net","type":"CNAME","class":"IN","ttl":"192","data":"wu.wpc.apr-52dd2.edgecastdns.net"},{"class":"IN","ttl":"192","data":"cs11.wpc.v0cdn.net","name":"wu.wpc.apr-52dd2.edgecastdns.net","type":"CNAME"},{"ttl":"1018","data":"117.18.232.240","name":"cs11.wpc.v0cdn.net","type":"A","class":"IN"}]}},{"source":{"ip":"10.150.0.15"},"dns":{"answers_count":0,"question":{"name":"v10.events.data.microsoft.com","type":"A","class":"IN"}}}],"length":30}