[{"source":{"ip":"10.150.0.16"},"dns":{"answers_count":0,"question":{"name":"7.au.download.windowsupdate.com","type":"A","class":"IN"}}},{"source":{"ip":"10.150.0.8"},"dns":{"question":{"name":"7.au.download.windowsupdate.com","type":"A","class":"IN"},"answers_count":0}},{"source":{"ip":"10.150.0.8"},"dns":{"question":{"class":"IN","name":"7.au.download.windowsupdate.com","type":"A"},"answers":[{"ttl":"1593","data":"au.au-msedge.net","name":"7.au.download.windowsupdate.com","type":"CNAME","class":"IN"},{"data":"elasticShed.au.au-msedge.net","name":"au.au-msedge.net","type":"CNAME","class":"IN","ttl":"59"},{"data":"Edge-Prod-HKB.env.au.au-msedge.net","name":"elasticShed.au.au-msedge.net","type":"CNAME","class":"IN","ttl":"59"},{"ttl":"59","data":"afdap.au.au-msedge.net","name":"Edge-Prod-HKB.env.au.au-msedge.net","type":"CNAME","class":"IN"},{"class":"IN","ttl":"59","data":"au.c-0001.c-msedge.net","name":"afdap.au.au-msedge.net","type":"CNAME"},{"type":"CNAME","class":"IN","ttl":"59","data":"c-0001.c-msedge.net","name":"au.c-0001.c-msedge.net"},{"name":"c-0001.c-msedge.net","type":"A","class":"IN","ttl":"59","data":"13.107.4.50"}],"answers_count":7,"resolved_ip":["13.107.4.50"]}},{"source":{"ip":"10.150.0.16"},"dns":{"answers_count":7,"answers":[{"ttl":"1593","data":"au.au-msedge.net","name":"7.au.download.windowsupdate.com","type":"CNAME","class":"IN"},{"data":"elasticShed.au.au-msedge.net","name":"au.au-msedge.net","type":"CNAME","class":"IN","ttl":"59"},{"type":"CNAME","class":"IN","ttl":"59","data":"Edge-Prod-HKB.env.au.au-msedge.net","name":"elasticShed.au.au-msedge.net"},{"name":"Edge-Prod-HKB.env.au.au-msedge.net","type":"CNAME","class":"IN","ttl":"59","data":"afdap.au.au-msedge.net"},{"class":"IN","ttl":"59","data":"au.c-0001.c-msedge.net","name":"afdap.au.au-msedge.net","type":"CNAME"},{"class":"IN","ttl":"59","data":"c-0001.c-msedge.net","name":"au.c-0001.c-msedge.net","type":"CNAME"},{"data":"13.107.4.50","name":"c-0001.c-msedge.net","type":"A","class":"IN","ttl":"59"}],"question":{"class":"IN","name":"7.au.download.windowsupdate.com","type":"A"},"resolved_ip":["13.107.4.50"]}},{"source":{"ip":"10.150.0.8"},"dns":{"question":{"name":"7.au.download.windowsupdate.com","type":"A","class":"IN"},"answers_count":7,"answers":[{"ttl":"3451","data":"au.au-msedge.net","name":"7.au.download.windowsupdate.com","type":"CNAME","class":"IN"},{"type":"CNAME","class":"IN","ttl":"37","data":"elasticShed.au.au-msedge.net","name":"au.au-msedge.net"},{"class":"IN","ttl":"37","data":"Edge-Prod-HKB.env.au.au-msedge.net","name":"elasticShed.au.au-msedge.net","type":"CNAME"},{"class":"IN","ttl":"37","data":"afdap.au.au-msedge.net","name":"Edge-Prod-HKB.env.au.au-msedge.net","type":"CNAME"},{"data":"au.c-0001.c-msedge.net","name":"afdap.au.au-msedge.net","type":"CNAME","class":"IN","ttl":"37"},{"ttl":"37","data":"c-0001.c-msedge.net","name":"au.c-0001.c-msedge.net","type":"CNAME","class":"IN"},{"name":"c-0001.c-msedge.net","type":"A","class":"IN","ttl":"37","data":"13.107.4.50"}],"resolved_ip":["13.107.4.50"]}},{"dns":{"resolved_ip":["13.107.4.50"],"answers_count":6,"answers":[{"ttl":"3406","data":"au.au-msedge.net","name":"7.au.download.windowsupdate.com","type":"CNAME","class":"IN"},{"data":"elasticShed.au.au-msedge.net","name":"au.au-msedge.net","type":"CNAME","class":"IN","ttl":"47"},{"type":"CNAME","class":"IN","ttl":"47","data":"afdap.au.au-msedge.net","name":"elasticShed.au.au-msedge.net"},{"data":"au.c-0001.c-msedge.net","name":"afdap.au.au-msedge.net","type":"CNAME","class":"IN","ttl":"47"},{"name":"au.c-0001.c-msedge.net","type":"CNAME","class":"IN","ttl":"47","data":"c-0001.c-msedge.net"},{"ttl":"47","data":"13.107.4.50","name":"c-0001.c-msedge.net","type":"A","class":"IN"}],"question":{"name":"7.au.download.windowsupdate.com","type":"A","class":"IN"}},"source":{"ip":"10.150.0.8"}},{"source":{"ip":"10.150.0.16"},"dns":{"question":{"type":"A","class":"IN","name":"2.au.download.windowsupdate.com"},"answers_count":0}},{"source":{"ip":"10.150.0.8"},"dns":{"question":{"name":"2.au.download.windowsupdate.com","type":"A","class":"IN"},"answers_count":0}},{"source":{"ip":"10.150.0.8"},"dns":{"question":{"type":"A","class":"IN","name":"2.au.download.windowsupdate.com"},"answers_count":4,"answers":[{"data":"au.download.windowsupdate.com.edgesuite.net","name":"2.au.download.windowsupdate.com","type":"CNAME","class":"IN","ttl":"3277"},{"ttl":"719","data":"a767.dscg3.akamai.net","name":"au.download.windowsupdate.com.edgesuite.net","type":"CNAME","class":"IN"},{"data":"202.69.184.162","name":"a767.dscg3.akamai.net","type":"A","class":"IN","ttl":"19"},{"data":"202.69.184.144","name":"a767.dscg3.akamai.net","type":"A","class":"IN","ttl":"19"}],"resolved_ip":["202.69.184.162","202.69.184.144"]}},{"dns":{"answers":[{"class":"IN","ttl":"3277","data":"au.download.windowsupdate.com.edgesuite.net","name":"2.au.download.windowsupdate.com","type":"CNAME"},{"class":"IN","ttl":"719","data":"a767.dscg3.akamai.net","name":"au.download.windowsupdate.com.edgesuite.net","type":"CNAME"},{"class":"IN","ttl":"19","data":"202.69.184.162","name":"a767.dscg3.akamai.net","type":"A"},{"name":"a767.dscg3.akamai.net","type":"A","class":"IN","ttl":"19","data":"202.69.184.144"}],"answers_count":4,"question":{"name":"2.au.download.windowsupdate.com","type":"A","class":"IN"},"resolved_ip":["202.69.184.162","202.69.184.144"]},"source":{"ip":"10.150.0.16"}},{"source":{"ip":"10.150.0.8"},"dns":{"question":{"name":"2.au.download.windowsupdate.com","type":"A","class":"IN"},"answers":[{"data":"au.download.windowsupdate.com.edgesuite.net","name":"2.au.download.windowsupdate.com","type":"CNAME","class":"IN","ttl":"3476"},{"name":"au.download.windowsupdate.com.edgesuite.net","type":"CNAME","class":"IN","ttl":"859","data":"a767.dscg3.akamai.net"},{"ttl":"19","data":"202.69.184.144","name":"a767.dscg3.akamai.net","type":"A","class":"IN"},{"ttl":"19","data":"202.69.184.162","name":"a767.dscg3.akamai.net","type":"A","class":"IN"}],"resolved_ip":["202.69.184.144","202.69.184.162"],"answers_count":4}},{"source":{"ip":"10.150.0.8"},"dns":{"question":{"name":"2.au.download.windowsupdate.com","type":"A","class":"IN"},"resolved_ip":["202.69.184.162","202.69.184.144"],"answers_count":4,"answers":[{"ttl":"340","data":"au.download.windowsupdate.com.edgesuite.net","name":"2.au.download.windowsupdate.com","type":"CNAME","class":"IN"},{"name":"au.download.windowsupdate.com.edgesuite.net","type":"CNAME","class":"IN","ttl":"865","data":"a767.dscg3.akamai.net"},{"name":"a767.dscg3.akamai.net","type":"A","class":"IN","ttl":"19","data":"202.69.184.162"},{"type":"A","class":"IN","ttl":"19","data":"202.69.184.144","name":"a767.dscg3.akamai.net"}]}},{"dns":{"answers_count":0,"question":{"class":"IN","name":"2.au.download.windowsupdate.com","type":"A"}},"source":{"ip":"10.150.0.15"}},{"source":{"ip":"10.150.0.8"},"dns":{"answers_count":0,"question":{"name":"2.au.download.windowsupdate.com","type":"A","class":"IN"}}},{"source":{"ip":"10.150.0.8"},"dns":{"resolved_ip":["202.69.184.162","202.69.184.144"],"answers_count":4,"answers":[{"name":"2.au.download.windowsupdate.com","type":"CNAME","class":"IN","ttl":"3221","data":"au.download.windowsupdate.com.edgesuite.net"},{"ttl":"663","data":"a767.dscg3.akamai.net","name":"au.download.windowsupdate.com.edgesuite.net","type":"CNAME","class":"IN"},{"name":"a767.dscg3.akamai.net","type":"A","class":"IN","ttl":"19","data":"202.69.184.162"},{"ttl":"19","data":"202.69.184.144","name":"a767.dscg3.akamai.net","type":"A","class":"IN"}],"question":{"name":"2.au.download.windowsupdate.com","type":"A","class":"IN"}}},{"source":{"ip":"10.150.0.15"},"dns":{"answers":[{"data":"au.download.windowsupdate.com.edgesuite.net","name":"2.au.download.windowsupdate.com","type":"CNAME","class":"IN","ttl":"3221"},{"data":"a767.dscg3.akamai.net","name":"au.download.windowsupdate.com.edgesuite.net","type":"CNAME","class":"IN","ttl":"663"},{"class":"IN","ttl":"19","data":"202.69.184.162","name":"a767.dscg3.akamai.net","type":"A"},{"name":"a767.dscg3.akamai.net","type":"A","class":"IN","ttl":"19","data":"202.69.184.144"}],"resolved_ip":["202.69.184.162","202.69.184.144"],"answers_count":4,"question":{"name":"2.au.download.windowsupdate.com","type":"A","class":"IN"}}},{"source":{"ip":"10.150.0.8"},"dns":{"answers_count":4,"resolved_ip":["202.69.184.144","202.69.184.162"],"question":{"name":"2.au.download.windowsupdate.com","type":"A","class":"IN"},"answers":[{"data":"au.download.windowsupdate.com.edgesuite.net","name":"2.au.download.windowsupdate.com","type":"CNAME","class":"IN","ttl":"3220"},{"class":"IN","ttl":"761","data":"a767.dscg3.akamai.net","name":"au.download.windowsupdate.com.edgesuite.net","type":"CNAME"},{"type":"A","class":"IN","ttl":"19","data":"202.69.184.144","name":"a767.dscg3.akamai.net"},{"data":"202.69.184.162","name":"a767.dscg3.akamai.net","type":"A","class":"IN","ttl":"19"}]}},{"source":{"ip":"10.150.0.8"},"dns":{"answers":[{"class":"IN","ttl":"3295","data":"au.download.windowsupdate.com.edgesuite.net","name":"2.au.download.windowsupdate.com","type":"CNAME"},{"name":"au.download.windowsupdate.com.edgesuite.net","type":"CNAME","class":"IN","ttl":"574","data":"a767.dscg3.akamai.net"},{"ttl":"19","data":"202.69.184.162","name":"a767.dscg3.akamai.net","type":"A","class":"IN"},{"type":"A","class":"IN","ttl":"19","data":"202.69.184.144","name":"a767.dscg3.akamai.net"}],"question":{"name":"2.au.download.windowsupdate.com","type":"A","class":"IN"},"answers_count":4,"resolved_ip":["202.69.184.162","202.69.184.144"]}},{"source":{"ip":"10.150.0.8"},"dns":{"question":{"name":"11.au.download.windowsupdate.com","type":"A","class":"IN"},"answers_count":5,"resolved_ip":["117.18.232.240"],"answers":[{"data":"wu.azureedge.net","name":"11.au.download.windowsupdate.com","type":"CNAME","class":"IN","ttl":"2147"},{"data":"wu.ec.azureedge.net","name":"wu.azureedge.net","type":"CNAME","class":"IN","ttl":"1601"},{"name":"wu.ec.azureedge.net","type":"CNAME","class":"IN","ttl":"254","data":"wu.wpc.apr-52dd2.edgecastdns.net"},{"type":"CNAME","class":"IN","ttl":"254","data":"cs11.wpc.v0cdn.net","name":"wu.wpc.apr-52dd2.edgecastdns.net"},{"data":"117.18.232.240","name":"cs11.wpc.v0cdn.net","type":"A","class":"IN","ttl":"1084"}]}},{"dns":{"answers":[{"ttl":"2147","data":"wu.azureedge.net","name":"11.au.download.windowsupdate.com","type":"CNAME","class":"IN"},{"class":"IN","ttl":"1601","data":"wu.ec.azureedge.net","name":"wu.azureedge.net","type":"CNAME"},{"ttl":"254","data":"wu.wpc.apr-52dd2.edgecastdns.net","name":"wu.ec.azureedge.net","type":"CNAME","class":"IN"},{"ttl":"254","data":"cs11.wpc.v0cdn.net","name":"wu.wpc.apr-52dd2.edgecastdns.net","type":"CNAME","class":"IN"},{"data":"117.18.232.240","name":"cs11.wpc.v0cdn.net","type":"A","class":"IN","ttl":"1084"}],"answers_count":5,"question":{"class":"IN","name":"11.au.download.windowsupdate.com","type":"A"},"resolved_ip":["117.18.232.240"]},"source":{"ip":"10.150.0.15"}},{"dns":{"answers_count":0,"question":{"name":"wpad.ho.rrsi.int","type":"A","class":"IN"}},"source":{"ip":"10.150.0.15"}},{"source":{"ip":"10.150.0.8"},"dns":{"resolved_ip":["202.69.184.144","202.69.184.162"],"answers":[{"type":"CNAME","class":"IN","ttl":"213","data":"au.download.windowsupdate.com.edgesuite.net","name":"2.au.download.windowsupdate.com"},{"class":"IN","ttl":"738","data":"a767.dscg3.akamai.net","name":"au.download.windowsupdate.com.edgesuite.net","type":"CNAME"},{"data":"202.69.184.144","name":"a767.dscg3.akamai.net","type":"A","class":"IN","ttl":"19"},{"data":"202.69.184.162","name":"a767.dscg3.akamai.net","type":"A","class":"IN","ttl":"19"}],"question":{"type":"A","class":"IN","name":"2.au.download.windowsupdate.com"},"answers_count":4}},{"source":{"ip":"10.150.0.15"},"dns":{"question":{"class":"IN","name":"2.au.download.windowsupdate.com","type":"A"},"answers":[{"ttl":"213","data":"au.download.windowsupdate.com.edgesuite.net","name":"2.au.download.windowsupdate.com","type":"CNAME","class":"IN"},{"class":"IN","ttl":"738","data":"a767.dscg3.akamai.net","name":"au.download.windowsupdate.com.edgesuite.net","type":"CNAME"},{"name":"a767.dscg3.akamai.net","type":"A","class":"IN","ttl":"19","data":"202.69.184.144"},{"data":"202.69.184.162","name":"a767.dscg3.akamai.net","type":"A","class":"IN","ttl":"19"}],"answers_count":4,"resolved_ip":["202.69.184.144","202.69.184.162"]}},{"source":{"ip":"10.150.0.15"},"dns":{"question":{"name":"2.au.download.windowsupdate.com","type":"A","class":"IN"},"answers_count":4,"resolved_ip":["202.69.184.162","202.69.184.144"],"answers":[{"data":"au.download.windowsupdate.com.edgesuite.net","name":"2.au.download.windowsupdate.com","type":"CNAME","class":"IN","ttl":"213"},{"type":"CNAME","class":"IN","ttl":"738","data":"a767.dscg3.akamai.net","name":"au.download.windowsupdate.com.edgesuite.net"},{"type":"A","class":"IN","ttl":"19","data":"202.69.184.162","name":"a767.dscg3.akamai.net"},{"data":"202.69.184.144","name":"a767.dscg3.akamai.net","type":"A","class":"IN","ttl":"19"}]}},{"dns":{"question":{"name":"au.download.windowsupdate.com","type":"A","class":"IN"},"answers_count":0},"source":{"ip":"10.150.0.16"}},{"dns":{"question":{"name":"au.download.windowsupdate.com","type":"A","class":"IN"},"answers_count":0},"source":{"ip":"10.150.0.8"}},{"dns":{"answers_count":7,"resolved_ip":["192.229.232.240"],"question":{"name":"au.download.windowsupdate.com","type":"A","class":"IN"},"answers":[{"class":"IN","ttl":"3384","data":"au-bg-shim.trafficmanager.net","name":"au.download.windowsupdate.com","type":"CNAME"},{"data":"audownload.windowsupdate.nsatc.net","name":"au-bg-shim.trafficmanager.net","type":"CNAME","class":"IN","ttl":"3440"},{"data":"wu.azureedge.net","name":"audownload.windowsupdate.nsatc.net","type":"CNAME","class":"IN","ttl":"83"},{"name":"wu.azureedge.net","type":"CNAME","class":"IN","ttl":"1042","data":"wu.ec.azureedge.net"},{"class":"IN","ttl":"234","data":"wu.wpc.apr-52dd2.edgecastdns.net","name":"wu.ec.azureedge.net","type":"CNAME"},{"name":"wu.wpc.apr-52dd2.edgecastdns.net","type":"CNAME","class":"IN","ttl":"244","data":"cs12.wpc.v0cdn.net"},{"type":"A","class":"IN","ttl":"2759","data":"192.229.232.240","name":"cs12.wpc.v0cdn.net"}]},"source":{"ip":"10.150.0.8"}},{"source":{"ip":"10.150.0.16"},"dns":{"resolved_ip":["192.229.232.240"],"question":{"name":"au.download.windowsupdate.com","type":"A","class":"IN"},"answers_count":7,"answers":[{"type":"CNAME","class":"IN","ttl":"3384","data":"au-bg-shim.trafficmanager.net","name":"au.download.windowsupdate.com"},{"ttl":"3440","data":"audownload.windowsupdate.nsatc.net","name":"au-bg-shim.trafficmanager.net","type":"CNAME","class":"IN"},{"data":"wu.azureedge.net","name":"audownload.windowsupdate.nsatc.net","type":"CNAME","class":"IN","ttl":"83"},{"data":"wu.ec.azureedge.net","name":"wu.azureedge.net","type":"CNAME","class":"IN","ttl":"1042"},{"name":"wu.ec.azureedge.net","type":"CNAME","class":"IN","ttl":"234","data":"wu.wpc.apr-52dd2.edgecastdns.net"},{"data":"cs12.wpc.v0cdn.net","name":"wu.wpc.apr-52dd2.edgecastdns.net","type":"CNAME","class":"IN","ttl":"244"},{"ttl":"2759","data":"192.229.232.240","name":"cs12.wpc.v0cdn.net","type":"A","class":"IN"}]}},{"source":{"ip":"10.150.0.8"},"dns":{"question":{"name":"au.download.windowsupdate.com","type":"A","class":"IN"},"answers":[{"class":"IN","ttl":"3483","data":"au-bg-shim.trafficmanager.net","name":"au.download.windowsupdate.com","type":"CNAME"},{"ttl":"680","data":"audownload.windowsupdate.nsatc.net","name":"au-bg-shim.trafficmanager.net","type":"CNAME","class":"IN"},{"type":"CNAME","class":"IN","ttl":"385","data":"au.download.windowsupdate.com.edgesuite.net","name":"audownload.windowsupdate.nsatc.net"},{"data":"a767.dscg3.akamai.net","name":"au.download.windowsupdate.com.edgesuite.net","type":"CNAME","class":"IN","ttl":"736"},{"class":"IN","ttl":"17","data":"202.69.184.144","name":"a767.dscg3.akamai.net","type":"A"},{"ttl":"17","data":"202.69.184.162","name":"a767.dscg3.akamai.net","type":"A","class":"IN"}],"answers_count":6,"resolved_ip":["202.69.184.144","202.69.184.162"]}},{"dns":{"answers":[{"class":"IN","ttl":"3476","data":"au-bg-shim.trafficmanager.net","name":"au.download.windowsupdate.com","type":"CNAME"},{"data":"audownload.windowsupdate.nsatc.net","name":"au-bg-shim.trafficmanager.net","type":"CNAME","class":"IN","ttl":"3539"},{"type":"CNAME","class":"IN","ttl":"510","data":"au.download.windowsupdate.com.edgesuite.net","name":"audownload.windowsupdate.nsatc.net"},{"class":"IN","ttl":"407","data":"a767.dscg3.akamai.net","name":"au.download.windowsupdate.com.edgesuite.net","type":"CNAME"},{"data":"202.69.184.162","name":"a767.dscg3.akamai.net","type":"A","class":"IN","ttl":"19"},{"type":"A","class":"IN","ttl":"19","data":"202.69.184.144","name":"a767.dscg3.akamai.net"}],"resolved_ip":["202.69.184.162","202.69.184.144"],"answers_count":6,"question":{"name":"au.download.windowsupdate.com","type":"A","class":"IN"}},"source":{"ip":"10.150.0.8"}}]